// Jest Snapshot v1, https://goo.gl/fbAQLP

exports[`Search snapshot test 1`] = `
<View
  style={
    Object {
      "alignItems": "center",
      "backgroundColor": "#87CEFA",
      "flex": 1,
      "justifyContent": "center",
      "paddingHorizontal": 20,
      "paddingTop": 20,
    }
  }
>
  <View
    style={
      Object {
        "alignItems": "center",
        "flexGrow": 1,
        "justifyContent": "center",
      }
    }
  >
    <Image
      source={1}
      style={
        Object {
          "height": 200,
          "width": 200,
        }
      }
    />
  </View>
  <Text
    accessible={true}
    allowFontScaling={true}
    disabled={false}
    ellipsizeMode="tail"
    style={
      Object {
        "color": "#fff",
        "fontSize": 20,
        "fontWeight": "700",
        "marginBottom": 10,
        "marginTop": 5,
        "opacity": 0.8,
        "textAlign": "center",
      }
    }
  >
    Welcome: 
    
  </Text>
  <Text
    accessible={true}
    allowFontScaling={true}
    disabled={false}
    ellipsizeMode="tail"
    style={
      Object {
        "color": "#fff",
        "fontSize": 20,
        "fontWeight": "700",
        "marginBottom": 10,
        "marginTop": 5,
        "opacity": 0.8,
        "textAlign": "center",
      }
    }
  >
    the temperature now : 
    
      Â°C
  </Text>
  <View
    accessibilityComponentType={undefined}
    accessibilityLabel={undefined}
    accessibilityTraits={undefined}
    accessible={true}
    hasTVPreferredFocus={undefined}
    hitSlop={undefined}
    isTVSelectable={true}
    nativeID={undefined}
    onLayout={undefined}
    onResponderGrant={[Function]}
    onResponderMove={[Function]}
    onResponderRelease={[Function]}
    onResponderTerminate={[Function]}
    onResponderTerminationRequest={[Function]}
    onStartShouldSetResponder={[Function]}
    style={
      Array [
        Object {
          "backgroundColor": "transparent",
        },
        Object {
          "backgroundColor": "#94336A",
          "borderColor": "#4F1335",
          "borderRadius": 10,
          "borderWidth": 1,
          "height": 40,
          "marginBottom": 20,
          "paddingVertical": 15,
          "width": 200,
        },
      ]
    }
    testID={undefined}
    tvParallaxProperties={undefined}
  >
    <Text
      accessible={true}
      allowFontScaling={true}
      disabled={false}
      ellipsizeMode="tail"
      style={
        Object {
          "color": "#000000",
          "fontWeight": "700",
          "textAlign": "center",
        }
      }
    >
      Connect
    </Text>
  </View>
  <View
    accessibilityComponentType={undefined}
    accessibilityLabel={undefined}
    accessibilityTraits={undefined}
    accessible={true}
    collapsable={undefined}
    hitSlop={undefined}
    isTVSelectable={true}
    nativeID={undefined}
    onLayout={undefined}
    onResponderGrant={[Function]}
    onResponderMove={[Function]}
    onResponderRelease={[Function]}
    onResponderTerminate={[Function]}
    onResponderTerminationRequest={[Function]}
    onStartShouldSetResponder={[Function]}
    style={
      Object {
        "backgroundColor": "#94336A",
        "borderColor": "#4F1335",
        "borderRadius": 10,
        "borderWidth": 1,
        "height": 40,
        "marginBottom": 20,
        "opacity": 1,
        "paddingVertical": 15,
        "width": 200,
      }
    }
    testID={undefined}
    tvParallaxProperties={undefined}
  >
    <Text
      accessible={true}
      allowFontScaling={true}
      disabled={false}
      ellipsizeMode="tail"
      style={
        Object {
          "color": "#000000",
          "fontWeight": "700",
          "textAlign": "center",
        }
      }
    >
      Turn on lights
    </Text>
  </View>
  <View
    accessibilityComponentType={undefined}
    accessibilityLabel={undefined}
    accessibilityTraits={undefined}
    accessible={true}
    collapsable={undefined}
    hitSlop={undefined}
    isTVSelectable={true}
    nativeID={undefined}
    onLayout={undefined}
    onResponderGrant={[Function]}
    onResponderMove={[Function]}
    onResponderRelease={[Function]}
    onResponderTerminate={[Function]}
    onResponderTerminationRequest={[Function]}
    onStartShouldSetResponder={[Function]}
    style={
      Object {
        "backgroundColor": "#94336A",
        "borderColor": "#4F1335",
        "borderRadius": 10,
        "borderWidth": 1,
        "height": 40,
        "marginBottom": 20,
        "opacity": 1,
        "paddingVertical": 15,
        "width": 200,
      }
    }
    testID={undefined}
    tvParallaxProperties={undefined}
  >
    <Text
      accessible={true}
      allowFontScaling={true}
      disabled={false}
      ellipsizeMode="tail"
      style={
        Object {
          "color": "#000000",
          "fontWeight": "700",
          "textAlign": "center",
        }
      }
    >
      Turn off lights
    </Text>
  </View>
  <View
    accessibilityComponentType={undefined}
    accessibilityLabel={undefined}
    accessibilityTraits={undefined}
    accessible={true}
    collapsable={undefined}
    hitSlop={undefined}
    isTVSelectable={true}
    nativeID={undefined}
    onLayout={undefined}
    onResponderGrant={[Function]}
    onResponderMove={[Function]}
    onResponderRelease={[Function]}
    onResponderTerminate={[Function]}
    onResponderTerminationRequest={[Function]}
    onStartShouldSetResponder={[Function]}
    style={
      Object {
        "backgroundColor": "#94336A",
        "borderColor": "#4F1335",
        "borderRadius": 10,
        "borderWidth": 1,
        "height": 40,
        "marginBottom": 20,
        "opacity": 1,
        "paddingVertical": 15,
        "width": 200,
      }
    }
    testID={undefined}
    tvParallaxProperties={undefined}
  >
    <Text
      accessible={true}
      allowFontScaling={true}
      disabled={false}
      ellipsizeMode="tail"
      style={
        Object {
          "color": "#000000",
          "fontWeight": "700",
          "textAlign": "center",
        }
      }
    >
      Detect motion in my room
    </Text>
  </View>
  <View
    accessibilityComponentType={undefined}
    accessibilityLabel={undefined}
    accessibilityTraits={undefined}
    accessible={true}
    collapsable={undefined}
    hitSlop={undefined}
    isTVSelectable={true}
    nativeID={undefined}
    onLayout={undefined}
    onResponderGrant={[Function]}
    onResponderMove={[Function]}
    onResponderRelease={[Function]}
    onResponderTerminate={[Function]}
    onResponderTerminationRequest={[Function]}
    onStartShouldSetResponder={[Function]}
    style={
      Object {
        "backgroundColor": "#94336A",
        "borderColor": "#4F1335",
        "borderRadius": 10,
        "borderWidth": 1,
        "height": 40,
        "marginBottom": 20,
        "opacity": 1,
        "paddingVertical": 15,
        "width": 200,
      }
    }
    testID={undefined}
    tvParallaxProperties={undefined}
  >
    <Text
      accessible={true}
      allowFontScaling={true}
      disabled={false}
      ellipsizeMode="tail"
      style={
        Object {
          "color": "#000000",
          "fontWeight": "700",
          "textAlign": "center",
        }
      }
    >
      Talk to your home
    </Text>
  </View>
</View>
`;
