// Jest Snapshot v1, https://goo.gl/fbAQLP

exports[`Search snapshot test 1`] = `
<View
  keyboardVerticalOffset={0}
  onLayout={[Function]}
  style={
    Array [
      Object {
        "alignItems": "center",
        "backgroundColor": "#87CEFA",
        "flex": 1,
        "justifyContent": "center",
      },
      Object {
        "paddingBottom": 0,
      },
    ]
  }
>
  <View>
    <Image
      resizeMode="cover"
      source={
        Object {
          "uri": "a",
        }
      }
      style={
        Object {
          "borderColor": "#94336A",
          "borderRadius": 100,
          "borderWidth": 3,
          "height": 200,
          "width": 200,
        }
      }
    />
  </View>
  <Text
    accessible={true}
    allowFontScaling={true}
    disabled={false}
    ellipsizeMode="tail"
    style={
      Object {
        "color": "#fff",
        "fontSize": 30,
        "fontWeight": "700",
        "marginBottom": 40,
        "marginTop": 5,
        "opacity": 0.8,
        "textAlign": "center",
      }
    }
  >
    
  </Text>
  <View
    accessibilityComponentType={undefined}
    accessibilityLabel={undefined}
    accessibilityTraits={undefined}
    accessible={true}
    collapsable={undefined}
    hitSlop={undefined}
    isTVSelectable={true}
    nativeID={undefined}
    onLayout={undefined}
    onResponderGrant={[Function]}
    onResponderMove={[Function]}
    onResponderRelease={[Function]}
    onResponderTerminate={[Function]}
    onResponderTerminationRequest={[Function]}
    onStartShouldSetResponder={[Function]}
    style={
      Object {
        "backgroundColor": "#94336A",
        "borderColor": "#4F1335",
        "borderRadius": 10,
        "borderWidth": 1,
        "height": 40,
        "marginBottom": 20,
        "opacity": 1,
        "paddingVertical": 15,
        "width": 200,
      }
    }
    testID={undefined}
    tvParallaxProperties={undefined}
  >
    <Text
      accessible={true}
      allowFontScaling={true}
      disabled={false}
      ellipsizeMode="tail"
      style={
        Object {
          "color": "#000000",
          "fontWeight": "700",
          "marginTop": -5,
          "textAlign": "center",
        }
      }
    >
       Change username 
    </Text>
  </View>
  <View
    accessibilityComponentType={undefined}
    accessibilityLabel={undefined}
    accessibilityTraits={undefined}
    accessible={true}
    collapsable={undefined}
    hitSlop={undefined}
    isTVSelectable={true}
    nativeID={undefined}
    onLayout={undefined}
    onResponderGrant={[Function]}
    onResponderMove={[Function]}
    onResponderRelease={[Function]}
    onResponderTerminate={[Function]}
    onResponderTerminationRequest={[Function]}
    onStartShouldSetResponder={[Function]}
    style={
      Object {
        "backgroundColor": "#94336A",
        "borderColor": "#4F1335",
        "borderRadius": 10,
        "borderWidth": 1,
        "height": 40,
        "marginBottom": 20,
        "opacity": 1,
        "paddingVertical": 15,
        "width": 200,
      }
    }
    testID={undefined}
    tvParallaxProperties={undefined}
  >
    <Text
      accessible={true}
      allowFontScaling={true}
      disabled={false}
      ellipsizeMode="tail"
      style={
        Object {
          "color": "#000000",
          "fontWeight": "700",
          "marginTop": -5,
          "textAlign": "center",
        }
      }
    >
       Change profile picture
    </Text>
  </View>
  <View
    accessibilityComponentType={undefined}
    accessibilityLabel={undefined}
    accessibilityTraits={undefined}
    accessible={true}
    hasTVPreferredFocus={undefined}
    hitSlop={undefined}
    isTVSelectable={true}
    nativeID={undefined}
    onLayout={undefined}
    onResponderGrant={[Function]}
    onResponderMove={[Function]}
    onResponderRelease={[Function]}
    onResponderTerminate={[Function]}
    onResponderTerminationRequest={[Function]}
    onStartShouldSetResponder={[Function]}
    style={
      Array [
        Object {
          "backgroundColor": "transparent",
        },
        Object {
          "backgroundColor": "#94336A",
          "borderColor": "#4F1335",
          "borderRadius": 10,
          "borderWidth": 1,
          "height": 40,
          "marginBottom": 20,
          "paddingVertical": 15,
          "width": 200,
        },
      ]
    }
    testID={undefined}
    tvParallaxProperties={undefined}
  >
    <Text
      accessible={true}
      allowFontScaling={true}
      disabled={false}
      ellipsizeMode="tail"
      style={
        Object {
          "color": "#000000",
          "fontWeight": "700",
          "marginTop": -5,
          "textAlign": "center",
        }
      }
    >
      Log out
    </Text>
  </View>
</View>
`;
